interactions:
- request:
    body: '{''client_id'': ''00000000-0000-0000-0000-000000000000'', ''client_secret'':
      ''PLACEHOLDER'', ''grant_type'': ''client_credentials'', ''scope'': ''https://quantum.microsoft.com/.default''}'
    headers:
      Content-Type:
      - application/x-www-form-urlencoded
      User-Agent:
      - azsdk-python-identity/1.6.0 Python/3.7.10 (Windows-10-10.0.19041-SP0)
    method: POST
    uri: https://login.microsoftonline.com/00000000-0000-0000-0000-000000000000/oauth2/v2.0/token
  response:
    body:
      string: '{"error": "unauthorized_client", "error_description": "AADSTS700016:
        Application with identifier ''00000000-0000-0000-0000-000000000000'' was not
        found in the directory ''00000000-0000-0000-0000-000000000000''. This can
        happen if the application has not been installed by the administrator of the
        tenant or consented to by any user in the tenant. You may have sent your authentication
        request to the wrong tenant.\r\nTrace ID: 90a0c2fd-a3c4-4ab8-abc2-0b45352a8600\r\nCorrelation
        ID: b2e7159a-3054-447e-8587-e22246923d53\r\nTimestamp: 2021-08-25 19:10:01Z",
        "error_codes": [700016], "timestamp": "2021-08-25 19:10:01Z", "trace_id":
        "90a0c2fd-a3c4-4ab8-abc2-0b45352a8600", "correlation_id": "b2e7159a-3054-447e-8587-e22246923d53",
        "error_uri": "https://login.microsoftonline.com/error?code=700016", "access_token":
        "fake_token"}'
    headers:
      content-length:
      - '834'
      content-type:
      - application/json; charset=utf-8
    status:
      code: 400
      message: Bad Request
    url: https://login.microsoftonline.com/00000000-0000-0000-0000-000000000000/oauth2/v2.0/token
- request:
    body: 'b''{"containerName": "job-00000000-0000-0000-0000-000000000000"}'''
    headers:
      Accept:
      - application/json
      Content-Length:
      - '61'
      Content-Type:
      - application/json
      User-Agent:
      - azsdk-python-quantum/0.0.0.1 Python/3.7.10 (Windows-10-10.0.19041-SP0)
    method: POST
    uri: https://eastus.quantum.azure.com/v1.0/subscriptions/00000000-0000-0000-0000-000000000000/resourceGroups/myresourcegroup/providers/Microsoft.Quantum/workspaces/myworkspace/storage/sasUri
  response:
    body:
      string: '{"sasUri": "https://mystorage.blob.core.windows.net/job-00000000-0000-0000-0000-000000000000?sv=PLACEHOLDER&sig=PLACEHOLDER&se=PLACEHOLDER&srt=co&ss=b&sp=racw",
        "access_token": "fake_token"}'
    headers:
      content-length:
      - '205'
      content-type:
      - application/json; charset=utf-8
      transfer-encoding:
      - chunked
    status:
      code: 200
      message: OK
    url: https://eastus.quantum.azure.com/v1.0/subscriptions/00000000-0000-0000-0000-000000000000/resourceGroups/myresourcegroup/providers/Microsoft.Quantum/workspaces/myworkspace/storage/sasUri
- request:
    body: null
    headers:
      Accept:
      - application/xml
      User-Agent:
      - azsdk-python-storage-blob/12.8.1 Python/3.7.10 (Windows-10-10.0.19041-SP0)
      x-ms-date:
      - Wed, 25 Aug 2021 19:10:03 GMT
      x-ms-version:
      - '2020-06-12'
    method: GET
    uri: https://mystorage.blob.core.windows.net/job-00000000-0000-0000-0000-000000000000?restype=container&sv=PLACEHOLDER&sig=PLACEHOLDER&se=PLACEHOLDER&srt=co&ss=b&sp=racw
  response:
    body:
      string: "\uFEFF<?xml version=\"1.0\" encoding=\"utf-8\"?><Error><Code>ContainerNotFound</Code><Message>The
        specified container does not exist.\nRequestId:bd7a9c97-801e-003e-74e4-990892000000\nTime:2021-08-25T19:10:03.8388966Z</Message></Error>"
    headers:
      content-length:
      - '225'
      content-type:
      - application/xml
      x-ms-version:
      - '2020-06-12'
    status:
      code: 404
      message: The specified container does not exist.
    url: https://mystorage.blob.core.windows.net/job-00000000-0000-0000-0000-000000000000?restype=container&sv=PLACEHOLDER&sig=PLACEHOLDER&se=PLACEHOLDER&srt=co&ss=b&sp=racw
- request:
    body: null
    headers:
      Accept:
      - application/xml
      User-Agent:
      - azsdk-python-storage-blob/12.8.1 Python/3.7.10 (Windows-10-10.0.19041-SP0)
      x-ms-date:
      - Wed, 25 Aug 2021 19:10:03 GMT
      x-ms-version:
      - '2020-06-12'
    method: PUT
    uri: https://mystorage.blob.core.windows.net/job-00000000-0000-0000-0000-000000000000?restype=container&sv=PLACEHOLDER&sig=PLACEHOLDER&se=PLACEHOLDER&srt=co&ss=b&sp=racw
  response:
    body:
      string: ''
    headers:
      content-length:
      - '0'
      x-ms-version:
      - '2020-06-12'
    status:
      code: 201
      message: Created
    url: https://mystorage.blob.core.windows.net/job-00000000-0000-0000-0000-000000000000?restype=container&sv=PLACEHOLDER&sig=PLACEHOLDER&se=PLACEHOLDER&srt=co&ss=b&sp=racw
- request:
    body: null
    headers:
      Accept:
      - application/xml
      User-Agent:
      - azsdk-python-storage-blob/12.8.1 Python/3.7.10 (Windows-10-10.0.19041-SP0)
      x-ms-date:
      - Wed, 25 Aug 2021 19:10:03 GMT
      x-ms-version:
      - '2020-06-12'
    method: GET
    uri: https://mystorage.blob.core.windows.net/job-00000000-0000-0000-0000-000000000000?restype=container&sv=PLACEHOLDER&sig=PLACEHOLDER&se=PLACEHOLDER&srt=co&ss=b&sp=racw
  response:
    body:
      string: ''
    headers:
      content-length:
      - '0'
      x-ms-lease-state:
      - available
      x-ms-lease-status:
      - unlocked
      x-ms-version:
      - '2020-06-12'
    status:
      code: 200
      message: OK
    url: https://mystorage.blob.core.windows.net/job-00000000-0000-0000-0000-000000000000?restype=container&sv=PLACEHOLDER&sig=PLACEHOLDER&se=PLACEHOLDER&srt=co&ss=b&sp=racw
- request:
    body: b'\x1f\x8b\x08\x00\x89\x95&a\x02\xffU\xcbA\n\x80 \x10\x05\xd0\xab\xc8\xac5RkQW\t\t2\x83\x16e\xa4\x05!\xde=\xab\x85\xcdj\xe6\xff\xc7\x0f\xa0\xad\xf3\xfdt\xac\xda\xcfv\x85\x96\x048\xcd\xee\xbe\x1fxQ\x02%\xe0\xaf\xcd<q;\x06\xfbf\xb3/.\x15]\x00\x9d\x0e\x93\xa9\x9b\xc7\xb7\xe1\x94\x94*R\xf2I\x9dA
      h\x10\xf0\x0c"\x83D\x0bV!\xf9M0\x08\x15U\x8c7\xc4,d\x84\xd8\x00\x00\x00'
    headers:
      Accept:
      - application/xml
      Content-Length:
      - '125'
      Content-Type:
      - application/octet-stream
      User-Agent:
      - azsdk-python-storage-blob/12.8.1 Python/3.7.10 (Windows-10-10.0.19041-SP0)
      x-ms-blob-type:
      - BlockBlob
      x-ms-date:
      - Wed, 25 Aug 2021 19:10:04 GMT
      x-ms-version:
      - '2020-06-12'
    method: PUT
    uri: https://mystorage.blob.core.windows.net/job-00000000-0000-0000-0000-000000000000/inputData?sv=PLACEHOLDER&sig=PLACEHOLDER&se=PLACEHOLDER&srt=co&ss=b&sp=racw
  response:
    body:
      string: ''
    headers:
      content-length:
      - '0'
      x-ms-version:
      - '2020-06-12'
    status:
      code: 201
      message: Created
    url: https://mystorage.blob.core.windows.net/job-00000000-0000-0000-0000-000000000000/inputData?sv=PLACEHOLDER&sig=PLACEHOLDER&se=PLACEHOLDER&srt=co&ss=b&sp=racw
- request:
    body: 'b''{"id": "00000000-0000-0000-0000-000000000000", "name": "Test-SubstochasticMonteCarlo-\\"20210101-000000\\"",
      "containerUri": "https://mystorage.blob.core.windows.net/job-00000000-0000-0000-0000-000000000000?sv=PLACEHOLDER&sig=PLACEHOLDER&se=PLACEHOLDER&srt=co&ss=b&sp=racw",
      "inputDataUri": "https://mystorage.blob.core.windows.net/job-00000000-0000-0000-0000-000000000000/inputData",
      "inputDataFormat": "microsoft.qio.v2", "inputParams": {"params": {"step_limit":
      280}}, "providerId": "Microsoft", "target": "microsoft.substochasticmontecarlo.cpu",
      "outputDataFormat": "microsoft.qio-results.v2"}'''
    headers:
      Accept:
      - application/json
      Content-Length:
      - '640'
      Content-Type:
      - application/json
      User-Agent:
      - azsdk-python-quantum/0.0.0.1 Python/3.7.10 (Windows-10-10.0.19041-SP0)
    method: PUT
    uri: https://eastus.quantum.azure.com/v1.0/subscriptions/00000000-0000-0000-0000-000000000000/resourceGroups/myresourcegroup/providers/Microsoft.Quantum/workspaces/myworkspace/jobs/00000000-0000-0000-0000-000000000000
  response:
    body:
      string: '{"containerUri": "https://mystorage.blob.core.windows.net/job-00000000-0000-0000-0000-000000000000?sv=PLACEHOLDER&sig=PLACEHOLDER&se=PLACEHOLDER&srt=co&ss=b&sp=racw",
        "inputDataUri": "https://mystorage.blob.core.windows.net/job-00000000-0000-0000-0000-000000000000/inputData?sv=PLACEHOLDER&sr=b&sig=PLACEHOLDER&se=PLACEHOLDER&sp=rcw",
        "inputDataFormat": "microsoft.qio.v2", "inputParams": {"params": {"step_limit":
        280}}, "providerId": "microsoft", "target": "microsoft.substochasticmontecarlo.cpu",
        "metadata": null, "name": "Test-SubstochasticMonteCarlo-\"20210101-000000\"",
        "id": "00000000-0000-0000-0000-000000000000", "status": "Waiting", "outputDataFormat":
        "microsoft.qio-results.v2", "outputDataUri": "https://e2etests.blob.core.windows.net:443/job-00000000-0000-0000-0000-000000000000/outputData?sv=PLACEHOLDER&sig=PLACEHOLDER&se=PLACEHOLDER&srt=co&ss=b&sp=racw",
        "creationTime": "2021-08-25T19:10:04.2130923+00:00", "beginExecutionTime":
        null, "endExecutionTime": null, "cancellationTime": null, "errorData": null,
        "isCancelling": false, "tags": [], "access_token": "fake_token"}'
    headers:
      content-length:
      - '1162'
      content-type:
      - application/json; charset=utf-8
      transfer-encoding:
      - chunked
    status:
      code: 200
      message: OK
    url: https://eastus.quantum.azure.com/v1.0/subscriptions/00000000-0000-0000-0000-000000000000/resourceGroups/myresourcegroup/providers/Microsoft.Quantum/workspaces/myworkspace/jobs/00000000-0000-0000-0000-000000000000
- request:
    body: null
    headers:
      Accept:
      - application/json
      User-Agent:
      - azsdk-python-quantum/0.0.0.1 Python/3.7.10 (Windows-10-10.0.19041-SP0)
    method: GET
    uri: https://eastus.quantum.azure.com/v1.0/subscriptions/00000000-0000-0000-0000-000000000000/resourceGroups/myresourcegroup/providers/Microsoft.Quantum/workspaces/myworkspace/jobs/00000000-0000-0000-0000-000000000000
  response:
    body:
      string: '{"containerUri": "https://mystorage.blob.core.windows.net/job-00000000-0000-0000-0000-000000000000?sv=PLACEHOLDER&sig=PLACEHOLDER&se=PLACEHOLDER&srt=co&ss=b&sp=racw",
        "inputDataUri": "https://mystorage.blob.core.windows.net/job-00000000-0000-0000-0000-000000000000/inputData?sv=PLACEHOLDER&sr=b&sig=PLACEHOLDER&se=PLACEHOLDER&sp=r&rscd=attachment%3B%20filename%3DTest-SubstochasticMonteCarlo-%252220210101-000000%2522-0c01708a-05d8-11ec-8e86-70bc105c1854.input.json",
        "inputDataFormat": "microsoft.qio.v2", "inputParams": {"params": {"step_limit":
        280}}, "providerId": "microsoft", "target": "microsoft.substochasticmontecarlo.cpu",
        "metadata": null, "name": "Test-SubstochasticMonteCarlo-\"20210101-000000\"",
        "id": "00000000-0000-0000-0000-000000000000", "status": "Waiting", "outputDataFormat":
        "microsoft.qio-results.v2", "outputDataUri": "https://mystorage.blob.core.windows.net/job-00000000-0000-0000-0000-000000000000/outputData?sv=PLACEHOLDER&sr=b&sig=PLACEHOLDER&se=PLACEHOLDER&sp=r&rscd=attachment%3B%20filename%3DTest-SubstochasticMonteCarlo-%252220210101-000000%2522-0c01708a-05d8-11ec-8e86-70bc105c1854.output.json",
        "creationTime": "2021-08-25T19:10:04.2130923+00:00", "beginExecutionTime":
        null, "endExecutionTime": null, "cancellationTime": null, "errorData": null,
        "isCancelling": false, "tags": [], "access_token": "fake_token"}'
    headers:
      content-length:
      - '1425'
      content-type:
      - application/json; charset=utf-8
      transfer-encoding:
      - chunked
    status:
      code: 200
      message: OK
    url: https://eastus.quantum.azure.com/v1.0/subscriptions/00000000-0000-0000-0000-000000000000/resourceGroups/myresourcegroup/providers/Microsoft.Quantum/workspaces/myworkspace/jobs/00000000-0000-0000-0000-000000000000
- request:
    body: null
    headers:
      Accept:
      - application/json
      User-Agent:
      - azsdk-python-quantum/0.0.0.1 Python/3.7.10 (Windows-10-10.0.19041-SP0)
    method: GET
    uri: https://eastus.quantum.azure.com/v1.0/subscriptions/00000000-0000-0000-0000-000000000000/resourceGroups/myresourcegroup/providers/Microsoft.Quantum/workspaces/myworkspace/jobs/00000000-0000-0000-0000-000000000000
  response:
    body:
      string: '{"containerUri": "https://mystorage.blob.core.windows.net/job-00000000-0000-0000-0000-000000000000?sv=PLACEHOLDER&sig=PLACEHOLDER&se=PLACEHOLDER&srt=co&ss=b&sp=racw",
        "inputDataUri": "https://mystorage.blob.core.windows.net/job-00000000-0000-0000-0000-000000000000/inputData?sv=PLACEHOLDER&sr=b&sig=PLACEHOLDER&se=PLACEHOLDER&sp=r&rscd=attachment%3B%20filename%3DTest-SubstochasticMonteCarlo-%252220210101-000000%2522-0c01708a-05d8-11ec-8e86-70bc105c1854.input.json",
        "inputDataFormat": "microsoft.qio.v2", "inputParams": {"params": {"step_limit":
        280}}, "providerId": "microsoft", "target": "microsoft.substochasticmontecarlo.cpu",
        "metadata": null, "name": "Test-SubstochasticMonteCarlo-\"20210101-000000\"",
        "id": "00000000-0000-0000-0000-000000000000", "status": "Succeeded", "outputDataFormat":
        "microsoft.qio-results.v2", "outputDataUri": "https://mystorage.blob.core.windows.net/job-00000000-0000-0000-0000-000000000000/rawOutputData?sv=PLACEHOLDER&sr=b&sig=PLACEHOLDER&se=PLACEHOLDER&sp=r&rscd=attachment%3B%20filename%3DTest-SubstochasticMonteCarlo-%252220210101-000000%2522-0c01708a-05d8-11ec-8e86-70bc105c1854.output.json",
        "creationTime": "2021-08-25T19:10:04.2130923+00:00", "beginExecutionTime":
        "2021-08-25T19:10:04.7210837Z", "endExecutionTime": "2021-08-25T19:10:04.8269653Z",
        "cancellationTime": null, "errorData": null, "isCancelling": false, "tags":
        [], "access_token": "fake_token"}'
    headers:
      content-length:
      - '1474'
      content-type:
      - application/json; charset=utf-8
      transfer-encoding:
      - chunked
    status:
      code: 200
      message: OK
    url: https://eastus.quantum.azure.com/v1.0/subscriptions/00000000-0000-0000-0000-000000000000/resourceGroups/myresourcegroup/providers/Microsoft.Quantum/workspaces/myworkspace/jobs/00000000-0000-0000-0000-000000000000
- request:
    body: null
    headers:
      Accept:
      - application/xml
      User-Agent:
      - azsdk-python-storage-blob/12.8.1 Python/3.7.10 (Windows-10-10.0.19041-SP0)
      x-ms-date:
      - Wed, 25 Aug 2021 19:10:08 GMT
      x-ms-range:
      - bytes=0-33554431
      x-ms-version:
      - '2020-06-12'
    method: GET
    uri: https://mystorage.blob.core.windows.net/job-00000000-0000-0000-0000-000000000000/rawOutputData?sv=PLACEHOLDER&sr=b&sig=PLACEHOLDER&se=PLACEHOLDER&sp=r&rscd=attachment%3B%20filename%3DTest-SubstochasticMonteCarlo-%252220210101-000000%2522-0c01708a-05d8-11ec-8e86-70bc105c1854.output.json
  response:
    body:
      string: '{"version": "1.0", "configuration": {"0": 1, "1": 1, "2": 0, "3": 1},
        "cost": -5.0, "parameters": {"alpha": {"final": 0.0, "initial": 1.0, "type":
        "linear"}, "beta": {"final": 5.0, "initial": 0.0, "type": "linear"}, "seed":
        4285729306, "step_limit": 280, "steps_per_walker": 1, "target_population":
        72}, "solutions": [{"configuration": {"0": 1, "1": 1, "2": 0, "3": 1}, "cost":
        -5.0}], "access_token": "fake_token"}'
    headers:
      accept-ranges:
      - bytes
      content-length:
      - '541'
      content-range:
      - bytes 0-540/541
      content-type:
      - application/json
      x-ms-blob-content-md5:
      - Bu6HODHiz9g31CbPScB84Q==
      x-ms-blob-type:
      - BlockBlob
      x-ms-creation-time:
      - Wed, 25 Aug 2021 19:10:04 GMT
      x-ms-lease-state:
      - available
      x-ms-lease-status:
      - unlocked
      x-ms-server-encrypted:
      - 'true'
      x-ms-version:
      - '2020-06-12'
    status:
      code: 206
      message: Partial Content
    url: https://mystorage.blob.core.windows.net/job-00000000-0000-0000-0000-000000000000/rawOutputData?sv=PLACEHOLDER&sr=b&sig=PLACEHOLDER&se=PLACEHOLDER&sp=r&rscd=attachment%3B%20filename%3DTest-SubstochasticMonteCarlo-%252220210101-000000%2522-0c01708a-05d8-11ec-8e86-70bc105c1854.output.json
- request:
    body: null
    headers:
      Accept:
      - application/json
      User-Agent:
      - azsdk-python-quantum/0.0.0.1 Python/3.7.10 (Windows-10-10.0.19041-SP0)
    method: GET
    uri: https://eastus.quantum.azure.com/v1.0/subscriptions/00000000-0000-0000-0000-000000000000/resourceGroups/myresourcegroup/providers/Microsoft.Quantum/workspaces/myworkspace/jobs/00000000-0000-0000-0000-000000000000
  response:
    body:
      string: '{"containerUri": "https://mystorage.blob.core.windows.net/job-00000000-0000-0000-0000-000000000000?sv=PLACEHOLDER&sig=PLACEHOLDER&se=PLACEHOLDER&srt=co&ss=b&sp=racw",
        "inputDataUri": "https://mystorage.blob.core.windows.net/job-00000000-0000-0000-0000-000000000000/inputData?sv=PLACEHOLDER&sr=b&sig=PLACEHOLDER&se=PLACEHOLDER&sp=r&rscd=attachment%3B%20filename%3DTest-SubstochasticMonteCarlo-%252220210101-000000%2522-0c01708a-05d8-11ec-8e86-70bc105c1854.input.json",
        "inputDataFormat": "microsoft.qio.v2", "inputParams": {"params": {"step_limit":
        280}}, "providerId": "microsoft", "target": "microsoft.substochasticmontecarlo.cpu",
        "metadata": null, "name": "Test-SubstochasticMonteCarlo-\"20210101-000000\"",
        "id": "00000000-0000-0000-0000-000000000000", "status": "Succeeded", "outputDataFormat":
        "microsoft.qio-results.v2", "outputDataUri": "https://mystorage.blob.core.windows.net/job-00000000-0000-0000-0000-000000000000/rawOutputData?sv=PLACEHOLDER&sr=b&sig=PLACEHOLDER&se=PLACEHOLDER&sp=r&rscd=attachment%3B%20filename%3DTest-SubstochasticMonteCarlo-%252220210101-000000%2522-0c01708a-05d8-11ec-8e86-70bc105c1854.output.json",
        "creationTime": "2021-08-25T19:10:04.2130923+00:00", "beginExecutionTime":
        "2021-08-25T19:10:04.7210837Z", "endExecutionTime": "2021-08-25T19:10:04.8269653Z",
        "cancellationTime": null, "errorData": null, "isCancelling": false, "tags":
        [], "access_token": "fake_token"}'
    headers:
      content-length:
      - '1476'
      content-type:
      - application/json; charset=utf-8
      transfer-encoding:
      - chunked
    status:
      code: 200
      message: OK
    url: https://eastus.quantum.azure.com/v1.0/subscriptions/00000000-0000-0000-0000-000000000000/resourceGroups/myresourcegroup/providers/Microsoft.Quantum/workspaces/myworkspace/jobs/00000000-0000-0000-0000-000000000000
version: 1
